  Determining projects to restore...
  All projects are up-to-date for restore.
C:\Users\mati2\OneDrive\Documentos\MusicaCatalogo\Services\RepositorioMusica.cs(4260,28): error CS0246: The type or namespace name 'CancionUnificada' could not be found (are you missing a using directive or an assembly reference?) [C:\Users\mati2\OneDrive\Documentos\MusicaCatalogo\MusicaCatalogo.csproj]

Build FAILED.

C:\Users\mati2\OneDrive\Documentos\MusicaCatalogo\Services\RepositorioMusica.cs(4260,28): error CS0246: The type or namespace name 'CancionUnificada' could not be found (are you missing a using directive or an assembly reference?) [C:\Users\mati2\OneDrive\Documentos\MusicaCatalogo\MusicaCatalogo.csproj]
    0 Warning(s)
    1 Error(s)

Time Elapsed 00:00:01.05
